2025-12-02T08:42:03.024+09:00  INFO 16080 --- [item-service] [restartedMain] org.msa.item.ItemServiceApplication      : No active profile set, falling back to 1 default profile: "default"
2025-12-02T08:42:03.447+09:00  INFO 16080 --- [item-service] [restartedMain] .s.d.r.c.RepositoryConfigurationDelegate : Bootstrapping Spring Data JPA repositories in DEFAULT mode.
2025-12-02T08:42:03.478+09:00  INFO 16080 --- [item-service] [restartedMain] .s.d.r.c.RepositoryConfigurationDelegate : Finished Spring Data repository scanning in 25 ms. Found 1 JPA repository interface.
2025-12-02T08:42:03.609+09:00  INFO 16080 --- [item-service] [restartedMain] o.s.cloud.context.scope.GenericScope     : BeanFactory id=174867cb-f74f-3288-a5a5-3967dd3f9da5
2025-12-02T08:42:04.025+09:00  INFO 16080 --- [item-service] [restartedMain] o.s.b.w.embedded.tomcat.TomcatWebServer  : Tomcat initialized with port 5000 (http)
2025-12-02T08:42:04.039+09:00  INFO 16080 --- [item-service] [restartedMain] o.apache.catalina.core.StandardService   : Starting service [Tomcat]
2025-12-02T08:42:04.039+09:00  INFO 16080 --- [item-service] [restartedMain] o.apache.catalina.core.StandardEngine    : Starting Servlet engine: [Apache Tomcat/10.1.30]
2025-12-02T08:42:04.089+09:00  INFO 16080 --- [item-service] [restartedMain] o.a.c.c.C.[Tomcat].[localhost].[/]       : Initializing Spring embedded WebApplicationContext
2025-12-02T08:42:04.090+09:00  INFO 16080 --- [item-service] [restartedMain] w.s.c.ServletWebServerApplicationContext : Root WebApplicationContext: initialization completed in 1046 ms
2025-12-02T08:42:04.234+09:00  INFO 16080 --- [item-service] [restartedMain] o.hibernate.jpa.internal.util.LogHelper  : HHH000204: Processing PersistenceUnitInfo [name: default]
2025-12-02T08:42:04.295+09:00  INFO 16080 --- [item-service] [restartedMain] org.hibernate.Version                    : HHH000412: Hibernate ORM core version 6.5.3.Final
2025-12-02T08:42:04.328+09:00  INFO 16080 --- [item-service] [restartedMain] o.h.c.internal.RegionFactoryInitiator    : HHH000026: Second-level cache disabled
2025-12-02T08:42:04.653+09:00  INFO 16080 --- [item-service] [restartedMain] o.s.o.j.p.SpringPersistenceUnitInfo      : No LoadTimeWeaver setup: ignoring JPA class transformer
2025-12-02T08:42:04.678+09:00  INFO 16080 --- [item-service] [restartedMain] com.zaxxer.hikari.HikariDataSource       : HikariPool-1 - Starting...
2025-12-02T08:42:04.758+09:00  INFO 16080 --- [item-service] [restartedMain] com.zaxxer.hikari.pool.HikariPool        : HikariPool-1 - Added connection org.mariadb.jdbc.Connection@2fe98ea5
2025-12-02T08:42:04.759+09:00  INFO 16080 --- [item-service] [restartedMain] com.zaxxer.hikari.HikariDataSource       : HikariPool-1 - Start completed.
2025-12-02T08:42:04.781+09:00  WARN 16080 --- [item-service] [restartedMain] org.hibernate.dialect.Dialect            : HHH000511: The 8.4.7 version for [org.hibernate.dialect.MariaDBDialect] is no longer supported, hence certain features may not work properly. The minimum supported version is 10.4.0. Check the community dialects project for available legacy versions.
2025-12-02T08:42:04.785+09:00  WARN 16080 --- [item-service] [restartedMain] org.hibernate.orm.deprecation            : HHH90000025: MariaDBDialect does not need to be specified explicitly using 'hibernate.dialect' (remove the property setting and it will be selected by default)
2025-12-02T08:42:05.509+09:00  INFO 16080 --- [item-service] [restartedMain] o.h.e.t.j.p.i.JtaPlatformInitiator       : HHH000489: No JTA platform available (set 'hibernate.transaction.jta.platform' to enable JTA platform integration)
2025-12-02T08:42:05.599+09:00  INFO 16080 --- [item-service] [restartedMain] j.LocalContainerEntityManagerFactoryBean : Initialized JPA EntityManagerFactory for persistence unit 'default'
2025-12-02T08:42:05.839+09:00  WARN 16080 --- [item-service] [restartedMain] JpaBaseConfiguration$JpaWebConfiguration : spring.jpa.open-in-view is enabled by default. Therefore, database queries may be performed during view rendering. Explicitly configure spring.jpa.open-in-view to disable this warning
2025-12-02T08:42:06.082+09:00  INFO 16080 --- [item-service] [restartedMain] o.s.b.d.a.OptionalLiveReloadServer       : LiveReload server is running on port 35729
2025-12-02T08:42:06.159+09:00  INFO 16080 --- [item-service] [restartedMain] o.s.b.w.embedded.tomcat.TomcatWebServer  : Tomcat started on port 5000 (http) with context path '/'
2025-12-02T08:42:06.175+09:00  INFO 16080 --- [item-service] [restartedMain] org.msa.item.ItemServiceApplication      : Started ItemServiceApplication in 4.218 seconds (process running for 5.301)
2025-12-02T08:44:19.356+09:00  INFO 16080 --- [item-service] [http-nio-5000-exec-1] o.a.c.c.C.[Tomcat].[localhost].[/]       : Initializing Spring DispatcherServlet 'dispatcherServlet'
2025-12-02T08:44:19.356+09:00  INFO 16080 --- [item-service] [http-nio-5000-exec-1] o.s.web.servlet.DispatcherServlet        : Initializing Servlet 'dispatcherServlet'
2025-12-02T08:44:19.357+09:00  INFO 16080 --- [item-service] [http-nio-5000-exec-1] o.s.web.servlet.DispatcherServlet        : Completed initialization in 1 ms
2025-12-02T08:44:19.439+09:00 DEBUG 16080 --- [item-service] [http-nio-5000-exec-1] org.msa.item.controller.ItemController   : path vari item type = C
2025-12-02T08:44:19.439+09:00 DEBUG 16080 --- [item-service] [http-nio-5000-exec-1] org.msa.item.controller.ItemController   : request add item id = 1234567
2025-12-02T08:44:19.459+09:00  WARN 16080 --- [item-service] [http-nio-5000-exec-1] .m.m.a.ExceptionHandlerExceptionResolver : Resolved [org.msa.item.exception.ApiException: 사용자정의 ExceptionHandler가 잡아냄]
2025-12-02T08:44:46.570+09:00  INFO 16080 --- [item-service] [SpringApplicationShutdownHook] j.LocalContainerEntityManagerFactoryBean : Closing JPA EntityManagerFactory for persistence unit 'default'
2025-12-02T08:44:46.572+09:00  INFO 16080 --- [item-service] [SpringApplicationShutdownHook] com.zaxxer.hikari.HikariDataSource       : HikariPool-1 - Shutdown initiated...
2025-12-02T08:44:46.576+09:00  INFO 16080 --- [item-service] [SpringApplicationShutdownHook] com.zaxxer.hikari.HikariDataSource       : HikariPool-1 - Shutdown completed.
2025-12-02T08:44:50.654+09:00  INFO 16520 --- [item-service] [restartedMain] org.msa.item.ItemServiceApplication      : No active profile set, falling back to 1 default profile: "default"
2025-12-02T08:44:51.040+09:00  INFO 16520 --- [item-service] [restartedMain] .s.d.r.c.RepositoryConfigurationDelegate : Bootstrapping Spring Data JPA repositories in DEFAULT mode.
2025-12-02T08:44:51.069+09:00  INFO 16520 --- [item-service] [restartedMain] .s.d.r.c.RepositoryConfigurationDelegate : Finished Spring Data repository scanning in 24 ms. Found 1 JPA repository interface.
2025-12-02T08:44:51.181+09:00  INFO 16520 --- [item-service] [restartedMain] o.s.cloud.context.scope.GenericScope     : BeanFactory id=174867cb-f74f-3288-a5a5-3967dd3f9da5
2025-12-02T08:44:51.512+09:00  INFO 16520 --- [item-service] [restartedMain] o.s.b.w.embedded.tomcat.TomcatWebServer  : Tomcat initialized with port 5000 (http)
2025-12-02T08:44:51.523+09:00  INFO 16520 --- [item-service] [restartedMain] o.apache.catalina.core.StandardService   : Starting service [Tomcat]
2025-12-02T08:44:51.523+09:00  INFO 16520 --- [item-service] [restartedMain] o.apache.catalina.core.StandardEngine    : Starting Servlet engine: [Apache Tomcat/10.1.30]
2025-12-02T08:44:51.560+09:00  INFO 16520 --- [item-service] [restartedMain] o.a.c.c.C.[Tomcat].[localhost].[/]       : Initializing Spring embedded WebApplicationContext
2025-12-02T08:44:51.560+09:00  INFO 16520 --- [item-service] [restartedMain] w.s.c.ServletWebServerApplicationContext : Root WebApplicationContext: initialization completed in 897 ms
2025-12-02T08:44:51.665+09:00  INFO 16520 --- [item-service] [restartedMain] o.hibernate.jpa.internal.util.LogHelper  : HHH000204: Processing PersistenceUnitInfo [name: default]
2025-12-02T08:44:51.705+09:00  INFO 16520 --- [item-service] [restartedMain] org.hibernate.Version                    : HHH000412: Hibernate ORM core version 6.5.3.Final
2025-12-02T08:44:51.734+09:00  INFO 16520 --- [item-service] [restartedMain] o.h.c.internal.RegionFactoryInitiator    : HHH000026: Second-level cache disabled
2025-12-02T08:44:51.972+09:00  INFO 16520 --- [item-service] [restartedMain] o.s.o.j.p.SpringPersistenceUnitInfo      : No LoadTimeWeaver setup: ignoring JPA class transformer
2025-12-02T08:44:51.993+09:00  INFO 16520 --- [item-service] [restartedMain] com.zaxxer.hikari.HikariDataSource       : HikariPool-1 - Starting...
2025-12-02T08:44:52.054+09:00  INFO 16520 --- [item-service] [restartedMain] com.zaxxer.hikari.pool.HikariPool        : HikariPool-1 - Added connection org.mariadb.jdbc.Connection@234e74bf
2025-12-02T08:44:52.055+09:00  INFO 16520 --- [item-service] [restartedMain] com.zaxxer.hikari.HikariDataSource       : HikariPool-1 - Start completed.
2025-12-02T08:44:52.074+09:00  WARN 16520 --- [item-service] [restartedMain] org.hibernate.dialect.Dialect            : HHH000511: The 8.4.7 version for [org.hibernate.dialect.MariaDBDialect] is no longer supported, hence certain features may not work properly. The minimum supported version is 10.4.0. Check the community dialects project for available legacy versions.
2025-12-02T08:44:52.078+09:00  WARN 16520 --- [item-service] [restartedMain] org.hibernate.orm.deprecation            : HHH90000025: MariaDBDialect does not need to be specified explicitly using 'hibernate.dialect' (remove the property setting and it will be selected by default)
2025-12-02T08:44:52.670+09:00  INFO 16520 --- [item-service] [restartedMain] o.h.e.t.j.p.i.JtaPlatformInitiator       : HHH000489: No JTA platform available (set 'hibernate.transaction.jta.platform' to enable JTA platform integration)
2025-12-02T08:44:52.767+09:00  INFO 16520 --- [item-service] [restartedMain] j.LocalContainerEntityManagerFactoryBean : Initialized JPA EntityManagerFactory for persistence unit 'default'
2025-12-02T08:44:53.012+09:00  WARN 16520 --- [item-service] [restartedMain] JpaBaseConfiguration$JpaWebConfiguration : spring.jpa.open-in-view is enabled by default. Therefore, database queries may be performed during view rendering. Explicitly configure spring.jpa.open-in-view to disable this warning
2025-12-02T08:44:53.243+09:00  INFO 16520 --- [item-service] [restartedMain] o.s.b.d.a.OptionalLiveReloadServer       : LiveReload server is running on port 35729
2025-12-02T08:44:53.308+09:00  INFO 16520 --- [item-service] [restartedMain] o.s.b.w.embedded.tomcat.TomcatWebServer  : Tomcat started on port 5000 (http) with context path '/'
2025-12-02T08:44:53.323+09:00  INFO 16520 --- [item-service] [restartedMain] org.msa.item.ItemServiceApplication      : Started ItemServiceApplication in 3.498 seconds (process running for 4.049)
2025-12-02T08:45:14.573+09:00  INFO 16520 --- [item-service] [http-nio-5000-exec-8] o.a.c.c.C.[Tomcat].[localhost].[/]       : Initializing Spring DispatcherServlet 'dispatcherServlet'
2025-12-02T08:45:14.574+09:00  INFO 16520 --- [item-service] [http-nio-5000-exec-8] o.s.web.servlet.DispatcherServlet        : Initializing Servlet 'dispatcherServlet'
2025-12-02T08:45:14.575+09:00  INFO 16520 --- [item-service] [http-nio-5000-exec-8] o.s.web.servlet.DispatcherServlet        : Completed initialization in 1 ms
2025-12-02T08:45:14.714+09:00 DEBUG 16520 --- [item-service] [http-nio-5000-exec-8] org.msa.item.controller.ItemController   : path vari item type = C
2025-12-02T08:45:14.714+09:00 DEBUG 16520 --- [item-service] [http-nio-5000-exec-8] org.msa.item.controller.ItemController   : request add item id = 1234567
2025-12-02T08:46:41.470+09:00  INFO 16520 --- [item-service] [File Watcher] rtingClassPathChangeChangedEventListener : Restarting due to 1 class path change (0 additions, 0 deletions, 1 modification)
2025-12-02T08:46:41.489+09:00  INFO 16520 --- [item-service] [Thread-7] j.LocalContainerEntityManagerFactoryBean : Closing JPA EntityManagerFactory for persistence unit 'default'
2025-12-02T08:46:41.491+09:00  INFO 16520 --- [item-service] [Thread-7] com.zaxxer.hikari.HikariDataSource       : HikariPool-1 - Shutdown initiated...
2025-12-02T08:46:41.496+09:00  INFO 16520 --- [item-service] [Thread-7] com.zaxxer.hikari.HikariDataSource       : HikariPool-1 - Shutdown completed.
2025-12-02T08:46:41.497+09:00  INFO 16520 --- [item-service] [Thread-7] o.apache.catalina.core.StandardService   : Stopping service [Tomcat]
2025-12-02T08:46:41.498+09:00  INFO 16520 --- [item-service] [Thread-7] o.a.c.c.C.[Tomcat].[localhost].[/]       : Destroying Spring FrameworkServlet 'dispatcherServlet'
2025-12-02T08:46:41.683+09:00  INFO 16520 --- [item-service] [restartedMain] org.msa.item.ItemServiceApplication      : The following 1 profile is active: "test"
2025-12-02T08:46:41.850+09:00  INFO 16520 --- [item-service] [restartedMain] .s.d.r.c.RepositoryConfigurationDelegate : Bootstrapping Spring Data JPA repositories in DEFAULT mode.
2025-12-02T08:46:41.856+09:00  INFO 16520 --- [item-service] [restartedMain] .s.d.r.c.RepositoryConfigurationDelegate : Finished Spring Data repository scanning in 6 ms. Found 1 JPA repository interface.
2025-12-02T08:46:41.888+09:00  INFO 16520 --- [item-service] [restartedMain] o.s.cloud.context.scope.GenericScope     : BeanFactory id=174867cb-f74f-3288-a5a5-3967dd3f9da5
2025-12-02T08:46:41.934+09:00  INFO 16520 --- [item-service] [restartedMain] o.s.b.w.embedded.tomcat.TomcatWebServer  : Tomcat initialized with port 5000 (http)
2025-12-02T08:46:41.935+09:00  INFO 16520 --- [item-service] [restartedMain] o.apache.catalina.core.StandardService   : Starting service [Tomcat]
2025-12-02T08:46:41.935+09:00  INFO 16520 --- [item-service] [restartedMain] o.apache.catalina.core.StandardEngine    : Starting Servlet engine: [Apache Tomcat/10.1.30]
2025-12-02T08:46:41.953+09:00  INFO 16520 --- [item-service] [restartedMain] o.a.c.c.C.[Tomcat].[localhost].[/]       : Initializing Spring embedded WebApplicationContext
2025-12-02T08:46:41.953+09:00  INFO 16520 --- [item-service] [restartedMain] w.s.c.ServletWebServerApplicationContext : Root WebApplicationContext: initialization completed in 267 ms
2025-12-02T08:46:41.982+09:00  INFO 16520 --- [item-service] [restartedMain] o.hibernate.jpa.internal.util.LogHelper  : HHH000204: Processing PersistenceUnitInfo [name: default]
2025-12-02T08:46:41.985+09:00  INFO 16520 --- [item-service] [restartedMain] o.h.c.internal.RegionFactoryInitiator    : HHH000026: Second-level cache disabled
2025-12-02T08:46:41.992+09:00  INFO 16520 --- [item-service] [restartedMain] o.s.o.j.p.SpringPersistenceUnitInfo      : No LoadTimeWeaver setup: ignoring JPA class transformer
2025-12-02T08:46:41.993+09:00  INFO 16520 --- [item-service] [restartedMain] com.zaxxer.hikari.HikariDataSource       : HikariPool-2 - Starting...
2025-12-02T08:46:41.997+09:00  INFO 16520 --- [item-service] [restartedMain] com.zaxxer.hikari.pool.HikariPool        : HikariPool-2 - Added connection org.mariadb.jdbc.Connection@1ea0e2df
2025-12-02T08:46:41.997+09:00  INFO 16520 --- [item-service] [restartedMain] com.zaxxer.hikari.HikariDataSource       : HikariPool-2 - Start completed.
2025-12-02T08:46:41.998+09:00  WARN 16520 --- [item-service] [restartedMain] org.hibernate.dialect.Dialect            : HHH000511: The 8.4.7 version for [org.hibernate.dialect.MariaDBDialect] is no longer supported, hence certain features may not work properly. The minimum supported version is 10.4.0. Check the community dialects project for available legacy versions.
2025-12-02T08:46:41.998+09:00  WARN 16520 --- [item-service] [restartedMain] org.hibernate.orm.deprecation            : HHH90000025: MariaDBDialect does not need to be specified explicitly using 'hibernate.dialect' (remove the property setting and it will be selected by default)
2025-12-02T08:46:42.027+09:00  INFO 16520 --- [item-service] [restartedMain] o.h.e.t.j.p.i.JtaPlatformInitiator       : HHH000489: No JTA platform available (set 'hibernate.transaction.jta.platform' to enable JTA platform integration)
2025-12-02T08:46:42.093+09:00  INFO 16520 --- [item-service] [restartedMain] j.LocalContainerEntityManagerFactoryBean : Initialized JPA EntityManagerFactory for persistence unit 'default'
2025-12-02T08:46:42.145+09:00  WARN 16520 --- [item-service] [restartedMain] JpaBaseConfiguration$JpaWebConfiguration : spring.jpa.open-in-view is enabled by default. Therefore, database queries may be performed during view rendering. Explicitly configure spring.jpa.open-in-view to disable this warning
2025-12-02T08:46:42.219+09:00  INFO 16520 --- [item-service] [restartedMain] o.s.b.d.a.OptionalLiveReloadServer       : LiveReload server is running on port 35729
2025-12-02T08:46:42.251+09:00  INFO 16520 --- [item-service] [restartedMain] o.s.b.w.embedded.tomcat.TomcatWebServer  : Tomcat started on port 5000 (http) with context path '/'
2025-12-02T08:46:42.261+09:00  INFO 16520 --- [item-service] [restartedMain] org.msa.item.ItemServiceApplication      : Started ItemServiceApplication in 0.714 seconds (process running for 112.987)
2025-12-02T08:46:42.262+09:00  INFO 16520 --- [item-service] [restartedMain] .ConditionEvaluationDeltaLoggingListener : Condition evaluation unchanged
2025-12-02T08:46:46.588+09:00  INFO 16520 --- [item-service] [SpringApplicationShutdownHook] j.LocalContainerEntityManagerFactoryBean : Closing JPA EntityManagerFactory for persistence unit 'default'
2025-12-02T08:46:46.589+09:00  INFO 16520 --- [item-service] [SpringApplicationShutdownHook] com.zaxxer.hikari.HikariDataSource       : HikariPool-2 - Shutdown initiated...
2025-12-02T08:46:46.591+09:00  INFO 16520 --- [item-service] [SpringApplicationShutdownHook] com.zaxxer.hikari.HikariDataSource       : HikariPool-2 - Shutdown completed.
